----------------- Options ---------------
               batch_size: 128                           	[default: 64]
                    beta1: 0.5                           
          checkpoints_dir: ./checkpoints                 
           continue_train: False                         
                crop_size: 256                           
               cycle_loss: ce                            
                 dataroot: .                             	[default: None]
             dataset_mode: cipher                        
                direction: AtoB                          
             display_freq: 20000                         	[default: 400]
               display_id: 0                             
          display_winsize: 256                           
                embed_dim: 32                            	[default: 64]
                    epoch: latest                        
              epoch_count: 1                             
                 gan_mode: lsgan                         
                   gumbel: False                         
                init_gain: 0.02                          
                init_type: normal                        
                 input_nc: 3                             
                  isTrain: True                          	[default: None]
                 lambda_A: 10.0                          
                 lambda_B: 10.0                          
          lambda_identity: 0.0                           
                load_iter: 0                             	[default: 0]
                load_size: 286                           
                       lr: 0.0002                        
           lr_decay_iters: 50                            
                lr_policy: linear                        
         max_dataset_size: inf                           
                    model: cipher_cycle_gan              	[default: cycle_gan]
               n_blocks_G: 3                             	[default: 4]
                 n_epochs: 30                            	[default: 100]
           n_epochs_decay: 10                            	[default: 100]
               n_layers_D: 3                             
                     name: sweep_base                    	[default: experiment_name]
                      ndf: 96                            	[default: 128]
                     netD: seq                           
                     netG: seq                           
                      ngf: 96                            	[default: 128]
               no_dropout: True                          
                  no_flip: True                          
                  no_html: False                         
                     norm: instance                      
                 npz_path: data/substitution_128/dataset.npz	[default: None]
              num_threads: 8                             	[default: 4]
                output_nc: 3                             
                pair_seed: 0                             
                    phase: train                         
                pool_size: 50                            
               preprocess: none                          
               print_freq: 5000                          	[default: 100]
             save_by_iter: False                         
          save_epoch_freq: 10                            	[default: 5]
         save_latest_freq: 5000                          
           serial_batches: False                         
                   suffix:                               
                  tau_end: 0.1                           
                tau_start: 1.0                           
         update_html_freq: 1000                          
                use_wandb: False                         
                  verbose: False                         
               vocab_size: -1                            
       wandb_project_name: CycleGAN-and-pix2pix          
----------------- End -------------------
Initialized with device cuda:0
[cipher] train: A(cipher)=(20219, 128) B(plain)=(20218, 128) vocab=28 cipher=substitution paired=False
dataset [CipherDataset] was created
The number of training images = 20219
Initialized with device cuda:0
initialize network with normal
Initialized with device cuda:0
initialize network with normal
Initialized with device cuda:0
initialize network with normal
Initialized with device cuda:0
initialize network with normal
model [CipherCycleGANModel] was created
Initialized with device cuda:0
initialize network with normal
Initialized with device cuda:0
initialize network with normal
Initialized with device cuda:0
initialize network with normal
Initialized with device cuda:0
initialize network with normal
---------- Networks initialized -------------
[Network G_A] Total number of parameters : 0.186 M
[Network G_B] Total number of parameters : 0.186 M
[Network D_A] Total number of parameters : 0.384 M
[Network D_B] Total number of parameters : 0.384 M
-----------------------------------------------
create web directory checkpoints/sweep_base/web...
learning rate 0.0002000 -> 0.0002000
temperature tau = 0.9427
End of epoch 1 / 40 	 Time Taken: 17 sec
learning rate 0.0002000 -> 0.0002000
temperature tau = 0.8886
End of epoch 2 / 40 	 Time Taken: 5 sec
learning rate 0.0002000 -> 0.0002000
temperature tau = 0.8377
End of epoch 3 / 40 	 Time Taken: 5 sec
--- iter tau=0.8377 ---
  cipher in : tmhprmpwg apqfpe guvlhptpntqaeuwpqapfg phdypunpcunpfg pg tnfpfgtfpwqfg
  decrypted : oele enairah thquiypoleonwo   yan wf iveladenceduce ivfirowtn iotha di
  real plain: e of technology rookie ron nischwitz continued his pinpoint pitching m
  cipher in : pwunvlpityph  pktfguvqkqhipqapfg pe hfpmuhhqev pvqzgfp srtvvyphqzaqcqk
  decrypted : haycponsodelrremotiig m msn wf ivequltheyll qyveg vitnvrs pfdel v  s m
  real plain: cannot place the employment service in california in jeopardy of being
[Rank 0] (epoch: 4, iters: 19328, time: 0.001, data: 0.504) , D_A: 0.019, G_A: 1.060, cycle_A: 0.393, D_B: 0.017, G_B: 0.965, cycle_B: 0.241

saving the latest model (epoch 4, total_iters 80000)
learning rate 0.0002000 -> 0.0002000
temperature tau = 0.7897
End of epoch 4 / 40 	 Time Taken: 5 sec
learning rate 0.0002000 -> 0.0002000
temperature tau = 0.7444
End of epoch 5 / 40 	 Time Taken: 5 sec
learning rate 0.0002000 -> 0.0002000
temperature tau = 0.7017
End of epoch 6 / 40 	 Time Taken: 5 sec
learning rate 0.0002000 -> 0.0002000
temperature tau = 0.6615
End of epoch 7 / 40 	 Time Taken: 5 sec
--- iter tau=0.6615 ---
  cipher in :  phfqvvpn crh lpfupzqo prmptalpiuo purfpxrhfpv fpi pi  fprmpwqfgpfgtfp
  decrypted : relt fohard l altinr bue ens onsizueisthu ltngvthsresurth ena dif iotf
  real plain: nsity of this guerilla warfare i am carrying on up here never until in
  cipher in : n vtfqo vyphvuwpmtk peypfg p alpucpfg paqa f  afgpk afrnypqapwg apfg p
  decrypted : cpgot bupdelfbaneogre setiver ofisf ive  wutur tiegr tsade whair ftive
  real plain: vels including bellows seize the day but he hadnt read them they were 
[Rank 0] (epoch: 8, iters: 18432, time: 0.000, data: 0.001) , D_A: 0.010, G_A: 0.894, cycle_A: 0.246, D_B: 0.013, G_B: 0.846, cycle_B: 0.122

saving the latest model (epoch 8, total_iters 160000)
learning rate 0.0002000 -> 0.0002000
temperature tau = 0.6236
End of epoch 8 / 40 	 Time Taken: 5 sec
learning rate 0.0002000 -> 0.0002000
temperature tau = 0.5878
End of epoch 9 / 40 	 Time Taken: 4 sec
learning rate 0.0002000 -> 0.0002000
temperature tau = 0.5541
saving the model at the end of epoch 10, iters 202240
End of epoch 10 / 40 	 Time Taken: 4 sec
learning rate 0.0002000 -> 0.0002000
temperature tau = 0.5223
End of epoch 11 / 40 	 Time Taken: 5 sec
--- iter tau=0.5223 ---
  cipher in : fgtfpeyphwqfkgqazpfuprn fgta pcutipqahrvtfquapfg ypkurvlpqakn th pfg p
  decrypted :  ioth sela dmia te insartiockedbose  h eod icn iudemy pol  mar nre ive
  real plain: nsity of this guerilla warfare i am carrying on up here never until in
  cipher in :  nahpinhpxutapiuanu ptniurnptalpcpv  pgpw al vvpwguptn pfupe pitnnq lp
  decrypted : ra hescleub chsy wikeowsysals ondngvrfihak oppohaiin cre in ues cw van
  real plain: vels including bellows seize the day but he hadnt read them they were 
[Rank 0] (epoch: 12, iters: 17536, time: 0.000, data: 0.002) , D_A: 0.009, G_A: 1.044, cycle_A: 0.197, D_B: 0.012, G_B: 1.035, cycle_B: 0.275

saving the latest model (epoch 12, total_iters 240000)
learning rate 0.0002000 -> 0.0002000
temperature tau = 0.4924
End of epoch 12 / 40 	 Time Taken: 5 sec
learning rate 0.0002000 -> 0.0002000
temperature tau = 0.4642
End of epoch 13 / 40 	 Time Taken: 5 sec
learning rate 0.0002000 -> 0.0002000
temperature tau = 0.4375
End of epoch 14 / 40 	 Time Taken: 5 sec
learning rate 0.0002000 -> 0.0002000
temperature tau = 0.4125
End of epoch 15 / 40 	 Time Taken: 4 sec
--- iter tau=0.4125 ---
  cipher in : uaptpkuimv f vyph mtntf pkuuvqazphyhf ipfg phqimv hfpdqalpucph mtntf p
  decrypted : ichonmbsenvtpedelve cotuembngf teldltuse ivelasenvltna  ofisflve cotue
  real plain: ip in the party and the ss and though the prosecutor did his utmost to
  cipher in : e  aphui fgqazpucptap aqzitpe ktrh pg pqhphupkuimv f vyph ahqfqo pfupq
  decrypted : qur hlisutia teish chra vson umo lreive melinmbsenvtppdelr h d bue in 
  real plain: east among the members of the patent bar who echoed this powerful indi
[Rank 0] (epoch: 16, iters: 16640, time: 0.000, data: 0.001) , D_A: 0.005, G_A: 1.004, cycle_A: 0.133, D_B: 0.010, G_B: 0.903, cycle_B: 0.167

saving the latest model (epoch 16, total_iters 320000)
learning rate 0.0002000 -> 0.0002000
temperature tau = 0.3888
End of epoch 16 / 40 	 Time Taken: 5 sec
learning rate 0.0002000 -> 0.0002000
temperature tau = 0.3665
End of epoch 17 / 40 	 Time Taken: 5 sec
learning rate 0.0002000 -> 0.0002000
temperature tau = 0.3455
End of epoch 18 / 40 	 Time Taken: 5 sec
learning rate 0.0002000 -> 0.0002000
temperature tau = 0.3257
End of epoch 19 / 40 	 Time Taken: 5 sec
--- iter tau=0.3257 ---
  cipher in : aupvuaz npgto pfupf tnptalpn alptfp tkgpufg npfg qnpirfrtvpfunfrn pwur
  decrypted :  bngy trali aue introwes ofcr onothromily iual iu wessts nhtectsareay 
  real plain:  on the table by scottys bed and he picked it up and wagged it at scot
  cipher in : rqvl npwgupgthpa o npgtlpfupfntqapqaph kn fpgthpa o npg tnlpua pradqal
  decrypted : k foralaiini ne kzrali af intco wh whlrmarthi ne kzralir cany kek bf o
  real plain:  units in rockribbed democratic territory paradoxically the council is
[Rank 0] (epoch: 20, iters: 15744, time: 0.000, data: 0.001) , D_A: 0.003, G_A: 0.999, cycle_A: 0.182, D_B: 0.008, G_B: 1.070, cycle_B: 0.115

saving the latest model (epoch 20, total_iters 400000)
learning rate 0.0002000 -> 0.0002000
temperature tau = 0.3070
saving the model at the end of epoch 20, iters 404480
End of epoch 20 / 40 	 Time Taken: 4 sec
learning rate 0.0002000 -> 0.0002000
temperature tau = 0.2894
End of epoch 21 / 40 	 Time Taken: 5 sec
learning rate 0.0002000 -> 0.0002000
temperature tau = 0.2728
End of epoch 22 / 40 	 Time Taken: 4 sec
learning rate 0.0002000 -> 0.0002000
temperature tau = 0.2572
End of epoch 23 / 40 	 Time Taken: 5 sec
--- iter tau=0.2572 ---
  cipher in : thpaqduvtqpvumtfaqducchpc hfqotvpuo nfrn pn k qoqazpqfhpcqnhfpa wpyund
  decrypted :  nec aygoohgbeot jbysdhedult z nhbzratsareargr zf te thed wlte kanrica
  real plain: rtained the thousands it will accommodate rca victor lm to be sure lan
  cipher in : n tkgqazptap alpqaptpwtypw pitype pwqfa hhqazpfg phti pfgqazpqapfg pht
  decrypted : cromia te chr on whonaodeakes de una dcklla tetiveloske ia te wftivel 
  real plain: om the power equilibrium we can force britain and france out of the su
[Rank 0] (epoch: 24, iters: 14848, time: 0.000, data: 0.001) , D_A: 0.007, G_A: 0.916, cycle_A: 0.155, D_B: 0.005, G_B: 0.966, cycle_B: 0.095

saving the latest model (epoch 24, total_iters 480000)
learning rate 0.0002000 -> 0.0002000
temperature tau = 0.2424
End of epoch 24 / 40 	 Time Taken: 5 sec
learning rate 0.0002000 -> 0.0002000
temperature tau = 0.2285
End of epoch 25 / 40 	 Time Taken: 5 sec
learning rate 0.0002000 -> 0.0002000
temperature tau = 0.2154
End of epoch 26 / 40 	 Time Taken: 5 sec
learning rate 0.0002000 -> 0.0002000
temperature tau = 0.2031
End of epoch 27 / 40 	 Time Taken: 4 sec
--- iter tau=0.2031 ---
  cipher in : fg pufg npqhptvhupfg pqamrfptjqhpucpfg ptmmnumnqtf pzynuhptn pmtntvv v
  decrypted : tivey iual me phintiue  esthou meisf iunoeecbecaotufrdwble cree c pfve
  real plain: ith the village burning about him and shells exploding chairs scraped 
  cipher in : pcun hfpunpzr nnqvvtpwtnctn ptfpaqzgfpqapftvvpznthhpfgtfpw piqzgfpgto 
  decrypted : edicultnncersraw fhonaowd creoth  vitn wht pofrw ple ioteakes vitni au
  real plain:  of population density of a country and the shortage of housing facili
[Rank 0] (epoch: 28, iters: 13952, time: 0.000, data: 0.001) , D_A: 0.002, G_A: 1.033, cycle_A: 0.128, D_B: 0.006, G_B: 1.068, cycle_B: 0.055

saving the latest model (epoch 28, total_iters 560000)
learning rate 0.0002000 -> 0.0002000
temperature tau = 0.1914
End of epoch 28 / 40 	 Time Taken: 5 sec
learning rate 0.0002000 -> 0.0002000
temperature tau = 0.1805
End of epoch 29 / 40 	 Time Taken: 4 sec
learning rate 0.0002000 -> 0.0001818
temperature tau = 0.1701
saving the model at the end of epoch 30, iters 606720
End of epoch 30 / 40 	 Time Taken: 5 sec
learning rate 0.0001818 -> 0.0001636
temperature tau = 0.1604
End of epoch 31 / 40 	 Time Taken: 5 sec
--- iter tau=0.1604 ---
  cipher in : hpn wtnlptalpg pda wpguwpfupz fptfpfg plrhfpqapfg pkgqatpcvuw nhptalpg
  decrypted : leava cans ofives kanibantintrthote iufa lth wftirngi wondpbak les oni
  real plain: al being however no diagram of her brain patterns no early iq tests re
  cipher in : htvfptalplnyqazpqfpqapfg puo apmuralqazpqfpcqa ptalpiqjqazpqfpwqfgp sr
  decrypted : lopths ofocda te th wftivnbzraheis of te thd wues onsobp te tha dilvrk
  real plain: sident and his academic administrative staff is to assure that the col
[Rank 0] (epoch: 32, iters: 13056, time: 0.000, data: 0.001) , D_A: 0.002, G_A: 0.999, cycle_A: 0.121, D_B: 0.003, G_B: 0.977, cycle_B: 0.038

saving the latest model (epoch 32, total_iters 640000)
learning rate 0.0001636 -> 0.0001455
temperature tau = 0.1512
End of epoch 32 / 40 	 Time Taken: 5 sec
learning rate 0.0001455 -> 0.0001273
temperature tau = 0.1425
End of epoch 33 / 40 	 Time Taken: 5 sec
learning rate 0.0001273 -> 0.0001091
temperature tau = 0.1343
End of epoch 34 / 40 	 Time Taken: 5 sec
learning rate 0.0001091 -> 0.0000909
temperature tau = 0.1266
End of epoch 35 / 40 	 Time Taken: 5 sec
--- iter tau=0.1266 ---
  cipher in : qftnpqptipk nftqapfgtfpktnvphtalernzpwqvvpaufpctvvpqafupfg phti phtlpm
  decrypted :  doceohosegrato whtiotem wghlo o satea fof bted pohp tintivelosuel ahe
  real plain: cation program soon to four additional counties troup pierce bryan and
  cipher in : qa pl tv nhptalphgqmm nhptenutlpfgqhpqhpqimunftafpe ktrh pl hmqf ptvvp
  decrypted :  wufor prales onliaeer leo cy alti me me sincto thjumo lrforge due pof
  real plain:  is that i might give effective help to the bringing in of gods kingdo
[Rank 0] (epoch: 36, iters: 12160, time: 0.000, data: 0.001) , D_A: 0.001, G_A: 0.998, cycle_A: 0.076, D_B: 0.003, G_B: 0.984, cycle_B: 0.027

saving the latest model (epoch 36, total_iters 720000)
learning rate 0.0000909 -> 0.0000727
temperature tau = 0.1194
End of epoch 36 / 40 	 Time Taken: 5 sec
learning rate 0.0000727 -> 0.0000545
temperature tau = 0.1125
End of epoch 37 / 40 	 Time Taken: 5 sec
learning rate 0.0000545 -> 0.0000364
temperature tau = 0.1061
End of epoch 38 / 40 	 Time Taken: 5 sec
learning rate 0.0000364 -> 0.0000182
temperature tau = 0.1000
End of epoch 39 / 40 	 Time Taken: 5 sec
--- iter tau=0.1000 ---
  cipher in : apfgqhphmqnqfpfg pn hmuah ptalpfg pn hrvfhpwqvvpe pqii thrntevype ff n
  decrypted : chti mege wath ireargen hres of irearl ethea fof un ssr nswoqndequttua
  real plain: ch should command the best efforts of caseworkers in collaboration wit
  cipher in : tvouhpucpkg  nhptalptmmvtrh ptalpcqatvvyptphftalqazpuotfquapthpiqhhphr
  decrypted :  pxbleishgirr les onoeego lres ond wopfdeonlts of teizod icn nes flels
  real plain: bed the stairs went into roberts room found a suitcase and packed as m
[Rank 0] (epoch: 40, iters: 11264, time: 0.000, data: 0.001) , D_A: 0.001, G_A: 0.996, cycle_A: 0.059, D_B: 0.002, G_B: 0.992, cycle_B: 0.022

saving the latest model (epoch 40, total_iters 800000)
learning rate 0.0000182 -> 0.0000000
temperature tau = 0.1000
saving the model at the end of epoch 40, iters 808960
End of epoch 40 / 40 	 Time Taken: 5 sec
----------------- Options ---------------
             aspect_ratio: 1.0                           
               batch_size: 64                            
          checkpoints_dir: ./checkpoints                 
                crop_size: 256                           
                 dataroot: .                             	[default: None]
             dataset_mode: cipher                        
                direction: AtoB                          
               display_id: 0                             
          display_winsize: 256                           
                embed_dim: 32                            	[default: 64]
                    epoch: latest                        
                     eval: False                         
                 gan_mode: lsgan                         
                   gumbel: False                         
                init_gain: 0.02                          
                init_type: normal                        
                 input_nc: 3                             
                  isTrain: False                         	[default: None]
                 lambda_A: 10.0                          
                 lambda_B: 10.0                          
          lambda_identity: 0.0                           
                load_iter: 0                             	[default: 0]
                load_size: 256                           
                       lr: 0.0002                        
         max_dataset_size: inf                           
                    model: cipher_cycle_gan              	[default: test]
               n_blocks_G: 3                             	[default: 4]
               n_layers_D: 3                             
                     name: sweep_base                    	[default: experiment_name]
                      ndf: 96                            	[default: 128]
                     netD: seq                           
                     netG: seq                           
                      ngf: 96                            	[default: 128]
               no_dropout: True                          
                  no_flip: True                          
                     norm: instance                      
                 npz_path: data/substitution_128/dataset.npz	[default: None]
                 num_test: 50                            
              num_threads: 4                             
                output_nc: 3                             
                pair_seed: 0                             
                    phase: test                          
               preprocess: none                          
              results_dir: ./results/                    
           serial_batches: False                         
                   suffix:                               
                  tau_end: 0.1                           
                tau_start: 1.0                           
                use_wandb: False                         
                  verbose: False                         
               vocab_size: -1                            
       wandb_project_name: CycleGAN-and-pix2pix          
----------------- End -------------------
[cipher] eval: A(cipher)=(4493, 128) B(plain)=(4493, 128) vocab=28 cipher=substitution paired=True
dataset [CipherDataset] was created
Initialized with device cuda:0
initialize network with normal
Initialized with device cuda:0
initialize network with normal
model [CipherCycleGANModel] was created
Initialized with device cuda:0
initialize network with normal
loading the model from checkpoints/sweep_base/latest_net_G_A.pth
Initialized with device cuda:0
initialize network with normal
loading the model from checkpoints/sweep_base/latest_net_G_B.pth
---------- Networks initialized -------------
[Network G_A] Total number of parameters : 0.186 M
[Network G_B] Total number of parameters : 0.186 M
-----------------------------------------------

==============================================================
cipher              substitution (key=perm-seed0)
samples             4493 x 128
character accuracy  0.0565   (chance ~0.0370)
character error     0.9435
key recovery        0.0741   (coverage 1.000)
==============================================================
cipher in :  npqapfg qnpn hqhftak punpvqteqvqfypfuphf ipn mvtk i afpwqfgqapi taqaz
decrypted : ral wftiu wecrl mto brencegooq g tde inltuseavegomrsk tha di whsro f t
truth     : er in their resistance or liability to stem replacement within meaning

wrote ./checkpoints/sweep_base/eval_metrics.json
