----------------- Options ---------------
               batch_size: 128                           	[default: 64]
                    beta1: 0.5                           
          checkpoints_dir: ./checkpoints                 
           continue_train: False                         
                crop_size: 256                           
               cycle_loss: ce                            
                 dataroot: .                             	[default: None]
             dataset_mode: cipher                        
                direction: AtoB                          
             display_freq: 20000                         	[default: 400]
               display_id: 0                             
          display_winsize: 256                           
                embed_dim: 32                            	[default: 64]
                    epoch: latest                        
              epoch_count: 1                             
                 gan_mode: lsgan                         
                   gumbel: True                          	[default: False]
                init_gain: 0.02                          
                init_type: normal                        
                 input_nc: 3                             
                  isTrain: True                          	[default: None]
                 lambda_A: 10.0                          
                 lambda_B: 10.0                          
          lambda_identity: 0.0                           
                load_iter: 0                             	[default: 0]
                load_size: 286                           
                       lr: 0.0002                        
           lr_decay_iters: 50                            
                lr_policy: linear                        
         max_dataset_size: inf                           
                    model: cipher_cycle_gan              	[default: cycle_gan]
               n_blocks_G: 3                             	[default: 4]
                 n_epochs: 30                            	[default: 100]
           n_epochs_decay: 10                            	[default: 100]
               n_layers_D: 3                             
                     name: sweep_gumbel                  	[default: experiment_name]
                      ndf: 96                            	[default: 128]
                     netD: seq                           
                     netG: seq                           
                      ngf: 96                            	[default: 128]
               no_dropout: True                          
                  no_flip: True                          
                  no_html: False                         
                     norm: instance                      
                 npz_path: data/substitution_128/dataset.npz	[default: None]
              num_threads: 8                             	[default: 4]
                output_nc: 3                             
                pair_seed: 0                             
                    phase: train                         
                pool_size: 50                            
               preprocess: none                          
               print_freq: 5000                          	[default: 100]
             save_by_iter: False                         
          save_epoch_freq: 10                            	[default: 5]
         save_latest_freq: 5000                          
           serial_batches: False                         
                   suffix:                               
                  tau_end: 0.1                           
                tau_start: 1.0                           
         update_html_freq: 1000                          
                use_wandb: False                         
                  verbose: False                         
               vocab_size: -1                            
       wandb_project_name: CycleGAN-and-pix2pix          
----------------- End -------------------
Initialized with device cuda:0
[cipher] train: A(cipher)=(20219, 128) B(plain)=(20218, 128) vocab=28 cipher=substitution paired=False
dataset [CipherDataset] was created
The number of training images = 20219
Initialized with device cuda:0
initialize network with normal
Initialized with device cuda:0
initialize network with normal
Initialized with device cuda:0
initialize network with normal
Initialized with device cuda:0
initialize network with normal
model [CipherCycleGANModel] was created
Initialized with device cuda:0
initialize network with normal
Initialized with device cuda:0
initialize network with normal
Initialized with device cuda:0
initialize network with normal
Initialized with device cuda:0
initialize network with normal
---------- Networks initialized -------------
[Network G_A] Total number of parameters : 0.186 M
[Network G_B] Total number of parameters : 0.186 M
[Network D_A] Total number of parameters : 0.384 M
[Network D_B] Total number of parameters : 0.384 M
-----------------------------------------------
create web directory checkpoints/sweep_gumbel/web...
learning rate 0.0002000 -> 0.0002000
temperature tau = 0.9427
End of epoch 1 / 40 	 Time Taken: 6 sec
learning rate 0.0002000 -> 0.0002000
temperature tau = 0.8886
End of epoch 2 / 40 	 Time Taken: 5 sec
learning rate 0.0002000 -> 0.0002000
temperature tau = 0.8377
End of epoch 3 / 40 	 Time Taken: 5 sec
--- iter tau=0.8377 ---
  cipher in : g ptrlq ak pl mtnf lphui pn itqa lpqapfg pwuvvitap akvuhrn pcunfqcq lp
  decrypted : ea uriecseoreg fteran beadeb iceraic theamvssb coecssvnudeal dtilier m
  real plain: e of technology rookie ron nischwitz continued his pinpoint pitching m
  cipher in : ptpkunmuntfquahpthh fhphuv vypqap jkgtaz pcunpoufqazphfukdpunptpkgtaz 
  decrypted :  os dgvd tivwno nnetnan sesfaicaevsh cpeal dav ticpont sko da osh cpeu
  real plain: cannot place the employment service in california in jeopardy of being
[Rank 0] (epoch: 4, iters: 19328, time: 0.000, data: 0.070) , D_A: 0.017, G_A: 0.897, cycle_A: 1.195, D_B: 0.026, G_B: 1.134, cycle_B: 1.044

saving the latest model (epoch 4, total_iters 80000)
learning rate 0.0002000 -> 0.0002000
temperature tau = 0.7897
End of epoch 4 / 40 	 Time Taken: 5 sec
learning rate 0.0002000 -> 0.0002000
temperature tau = 0.7444
End of epoch 5 / 40 	 Time Taken: 5 sec
learning rate 0.0002000 -> 0.0002000
temperature tau = 0.7017
End of epoch 6 / 40 	 Time Taken: 5 sec
learning rate 0.0002000 -> 0.0002000
temperature tau = 0.6615
End of epoch 7 / 40 	 Time Taken: 5 sec
--- iter tau=0.6615 ---
  cipher in : q hpqalqktf lpe yualptplurefpfgtfphtoqazhpwurvlpn hrvfpwgqkgpwurvlpe p
  decrypted : enaiwriszterayefvwrozorvuytothztonzvicpnomvusradenustamhishomvusrayeov
  real plain: nsity of this guerilla warfare i am carrying on up here never until in
  cipher in : p aurzgpen tlpfupvthfpfg pltyperkd fhpw n pcqvv lpfg pg nlpc lptalpwtf
  decrypted : ewvuphoydezrotzaszntothearzfoyusketnamedealisseratheahedrolerazpromzte
  real plain: vels including bellows seize the day but he hadnt read them they were 
[Rank 0] (epoch: 8, iters: 18432, time: 0.000, data: 0.001) , D_A: 0.005, G_A: 1.009, cycle_A: 0.361, D_B: 0.010, G_B: 0.952, cycle_B: 0.323

saving the latest model (epoch 8, total_iters 160000)
learning rate 0.0002000 -> 0.0002000
temperature tau = 0.6236
End of epoch 8 / 40 	 Time Taken: 5 sec
learning rate 0.0002000 -> 0.0002000
temperature tau = 0.5878
End of epoch 9 / 40 	 Time Taken: 5 sec
learning rate 0.0002000 -> 0.0002000
temperature tau = 0.5541
saving the model at the end of epoch 10, iters 202240
End of epoch 10 / 40 	 Time Taken: 5 sec
learning rate 0.0002000 -> 0.0002000
temperature tau = 0.5223
End of epoch 11 / 40 	 Time Taken: 5 sec
--- iter tau=0.5223 ---
  cipher in : aptpfgn  cuufpkgumphg ptvhupetadhpqafuptpfrnapvqd ptpcqa pnrateurfpauf
  decrypted : ozothdeel ztashzganheazsn ayzcknoiwtzazotudcosikeozoliceoduczy utaczta
  real plain: nsity of this guerilla warfare i am carrying on up here never until in
  cipher in : wqvvqtiptpn llqazpthh nf lpfgtfpqcpfg pkth pgtlpe  apg tnlpqapum apkur
  decrypted : issizbozoderriwpaznnedterathztoilotheaszneohzroyeecahezfroiwo gecosvud
  real plain: vels including bellows seize the day but he hadnt read them they were 
[Rank 0] (epoch: 12, iters: 17536, time: 0.000, data: 0.001) , D_A: 0.003, G_A: 0.999, cycle_A: 0.257, D_B: 0.007, G_B: 1.015, cycle_B: 0.240

saving the latest model (epoch 12, total_iters 240000)
learning rate 0.0002000 -> 0.0002000
temperature tau = 0.4924
End of epoch 12 / 40 	 Time Taken: 5 sec
learning rate 0.0002000 -> 0.0002000
temperature tau = 0.4642
End of epoch 13 / 40 	 Time Taken: 5 sec
learning rate 0.0002000 -> 0.0002000
temperature tau = 0.4375
End of epoch 14 / 40 	 Time Taken: 5 sec
learning rate 0.0002000 -> 0.0002000
temperature tau = 0.4125
End of epoch 15 / 40 	 Time Taken: 5 sec
--- iter tau=0.4125 ---
  cipher in : lpqnntfquatvptpmgqvuhumgypwgqkgptff imfhpfuphrmmvyprvfqitf ptahw nhpqa
  decrypted : oiddztizw sozoghisvnvghfomhishozttebgtnotzanuggsfaustibzteozcnmednaica
  real plain: ip in the party and the ss and though the prosecutor did his utmost to
  cipher in :  pqapyurnpmtnfypyurnpfntahmunftfquap jm ah pwqvvpto ntz po nypkvuh pfu
  decrypted : aicof udagzftfaf udatdzcng dtztivwaexgewneomissazvedzpeovedfassvneatza
  real plain: east among the members of the patent bar who echoed this powerful indi
[Rank 0] (epoch: 16, iters: 16640, time: 0.000, data: 0.001) , D_A: 0.002, G_A: 0.990, cycle_A: 0.239, D_B: 0.006, G_B: 0.944, cycle_B: 0.115

saving the latest model (epoch 16, total_iters 320000)
learning rate 0.0002000 -> 0.0002000
temperature tau = 0.3888
End of epoch 16 / 40 	 Time Taken: 5 sec
learning rate 0.0002000 -> 0.0002000
temperature tau = 0.3665
End of epoch 17 / 40 	 Time Taken: 5 sec
learning rate 0.0002000 -> 0.0002000
temperature tau = 0.3455
End of epoch 18 / 40 	 Time Taken: 5 sec
learning rate 0.0002000 -> 0.0002000
temperature tau = 0.3257
End of epoch 19 / 40 	 Time Taken: 5 sec
--- iter tau=0.3257 ---
  cipher in : pcqvqazptpn frnapunpitdqazptpftjpmtyi afp fkpctvvhpuaphtfrnltyphraltyp
  decrypted : lisicpozodetudwovdabzkicpazotzxogzfbewtaetsalzssnavwanztudrzfonuwrzfo 
  real plain:  on the table by scottys bed and he picked it up and wagged it at scot
  cipher in : pvqc pzu hpi nnqvypuapfgtfhpktvv lpmnuzn hhpfg pa wpwtypucpvqc pv fhpc
  decrypted : sileop enabeddisfavwathztnoszsseragdvpdennatheacemamzfo lasileosetnolz
  real plain:  units in rockribbed democratic territory paradoxically the council is
[Rank 0] (epoch: 20, iters: 15744, time: 0.000, data: 0.001) , D_A: 0.002, G_A: 1.030, cycle_A: 0.201, D_B: 0.004, G_B: 0.993, cycle_B: 0.079

saving the latest model (epoch 20, total_iters 400000)
learning rate 0.0002000 -> 0.0002000
temperature tau = 0.3070
saving the model at the end of epoch 20, iters 404480
End of epoch 20 / 40 	 Time Taken: 5 sec
learning rate 0.0002000 -> 0.0002000
temperature tau = 0.2894
End of epoch 21 / 40 	 Time Taken: 5 sec
learning rate 0.0002000 -> 0.0002000
temperature tau = 0.2728
End of epoch 22 / 40 	 Time Taken: 5 sec
learning rate 0.0002000 -> 0.0002000
temperature tau = 0.2572
End of epoch 23 / 40 	 Time Taken: 5 sec
--- iter tau=0.2572 ---
  cipher in :  ak pfuptpn k afphrzz hfquapitl pfupfg phftccpucpfg pmrevqkpg tvfgparn
  decrypted : cseotzazodesewtanuppentizwabzreotzatheontzllo latheaguysisahezsthacudn
  real plain: rtained the thousands it will accommodate rca victor lm to be sure lan
  cipher in : hpucptpvutcpucpltndpen tlperff npxtiptpfqaypktd pucpqk pqapfg qnph tnk
  decrypted : ovlazos zlovlarzfkoyde royuttedaxzbozoticfaszkeovlaiseoicatheidonezfsh
  real plain: om the power equilibrium we can force britain and france out of the su
[Rank 0] (epoch: 24, iters: 14848, time: 0.000, data: 0.001) , D_A: 0.001, G_A: 1.007, cycle_A: 0.187, D_B: 0.005, G_B: 1.050, cycle_B: 0.071

saving the latest model (epoch 24, total_iters 480000)
learning rate 0.0002000 -> 0.0002000
temperature tau = 0.2424
End of epoch 24 / 40 	 Time Taken: 5 sec
learning rate 0.0002000 -> 0.0002000
temperature tau = 0.2285
End of epoch 25 / 40 	 Time Taken: 5 sec
learning rate 0.0002000 -> 0.0002000
temperature tau = 0.2154
End of epoch 26 / 40 	 Time Taken: 5 sec
learning rate 0.0002000 -> 0.0002000
temperature tau = 0.2031
End of epoch 27 / 40 	 Time Taken: 5 sec
--- iter tau=0.2031 ---
  cipher in : fg pkuhfpqapcntak pfg pqalqtahpw n paufpqimn hh lptalpg vlpfupfg pktnu
  decrypted : heas ntaicoldzcseotheaiwrizcnomedeacztaibgdennerazcrahesratzatheaszd s
  real plain: ith the village burning about him and shells exploding chairs scraped 
  cipher in : ptalptqnkntcfptalpcunpm nc kfqazpqahfnri afhpfupkuvv kfptalpfntahiqfpf
  decrypted : zcrozidsdzltozcralzdagedlesticpoiwntdubewtnatzas ssestozcratdzcnbit th
  real plain:  of population density of a country and the shortage of housing facili
[Rank 0] (epoch: 28, iters: 13952, time: 0.000, data: 0.001) , D_A: 0.001, G_A: 0.999, cycle_A: 0.189, D_B: 0.003, G_B: 1.040, cycle_B: 0.055

saving the latest model (epoch 28, total_iters 560000)
learning rate 0.0002000 -> 0.0002000
temperature tau = 0.1914
End of epoch 28 / 40 	 Time Taken: 5 sec
learning rate 0.0002000 -> 0.0002000
temperature tau = 0.1805
End of epoch 29 / 40 	 Time Taken: 5 sec
learning rate 0.0002000 -> 0.0001818
temperature tau = 0.1701
saving the model at the end of epoch 30, iters 606720
End of epoch 30 / 40 	 Time Taken: 5 sec
learning rate 0.0001818 -> 0.0001636
temperature tau = 0.1604
End of epoch 31 / 40 	 Time Taken: 5 sec
--- iter tau=0.1604 ---
  cipher in : al  lpaupv fp o nypmuvqk itaptalpmtndpzrtnlpd  mpgqhp y puapxugaptalpx
  decrypted : reerowzasetaevedfagvsiseb cozcragzdkopuzdrokeegohinaefeavwax hwazcroxz
  real plain: al being however no diagram of her brain patterns no early iq tests re
  cipher in : pfupkui pfupznqmhpwqfgpfgqhpl italpkurvlpe pctftvpfupfg pcrfrn pucpfg 
  decrypted : tzas beatzapdignomithathinarebzcros usrayeolztzsotzathealutudeovlathea
  real plain: sident and his academic administrative staff is to assure that the col
[Rank 0] (epoch: 32, iters: 13056, time: 0.000, data: 0.001) , D_A: 0.000, G_A: 1.003, cycle_A: 0.151, D_B: 0.002, G_B: 1.022, cycle_B: 0.036

saving the latest model (epoch 32, total_iters 640000)
learning rate 0.0001636 -> 0.0001455
temperature tau = 0.1512
End of epoch 32 / 40 	 Time Taken: 5 sec
learning rate 0.0001455 -> 0.0001273
temperature tau = 0.1425
End of epoch 33 / 40 	 Time Taken: 5 sec
learning rate 0.0001273 -> 0.0001091
temperature tau = 0.1343
End of epoch 34 / 40 	 Time Taken: 5 sec
learning rate 0.0001091 -> 0.0000909
temperature tau = 0.1266
End of epoch 35 / 40 	 Time Taken: 5 sec
--- iter tau=0.1266 ---
  cipher in : unpv tzr pv o vpyurpwurvlpe phrnmnqh lpguwpitaypctahpmrnmuh vyphfty lp
  decrypted : dasezpueosevesofzuamvusrayeonudgdinerahzmabzcfolzcnogudg nesfantzferaz
  real plain: cation program soon to four additional counties troup pierce bryan and
  cipher in : ufg npitatz nhpl kql lpfuptff alpztfg npg n pfg pkutgnpv ff npkui hpua
  decrypted : thedobzczpednoresireratzazttecrapzthedohedeatheas zhdosettedos benovwa
  real plain:  is that i might give effective help to the bringing in of gods kingdo
[Rank 0] (epoch: 36, iters: 12160, time: 0.000, data: 0.001) , D_A: 0.000, G_A: 1.004, cycle_A: 0.142, D_B: 0.002, G_B: 1.001, cycle_B: 0.010

saving the latest model (epoch 36, total_iters 720000)
learning rate 0.0000909 -> 0.0000727
temperature tau = 0.1194
End of epoch 36 / 40 	 Time Taken: 5 sec
learning rate 0.0000727 -> 0.0000545
temperature tau = 0.1125
End of epoch 37 / 40 	 Time Taken: 5 sec
learning rate 0.0000545 -> 0.0000364
temperature tau = 0.1061
End of epoch 38 / 40 	 Time Taken: 5 sec
learning rate 0.0000364 -> 0.0000182
temperature tau = 0.1000
End of epoch 39 / 40 	 Time Taken: 5 sec
--- iter tau=0.1000 ---
  cipher in : y tnpfg h phguwhpgto pqakn th lpqap afnq hpa jfpy tnptfpw hfiqahf npfg
  decrypted : ezdotheneanhvmnahzveoiwsdezneraicaectdienaceqtofezdoztomentbiwntedothe
  real plain: ch should command the best efforts of caseworkers in collaboration wit
  cipher in : ypeufgpkti purfptvcn lpwthpln hh lpcunpgqhpfnqmpfupfg pguhmqftvpfg pkt
  decrypted : oy thaszbeo utazslderomznordenneralzdahinatdigotzatheahvngitzsotheaszd
  real plain: bed the stairs went into roberts room found a suitcase and packed as m
[Rank 0] (epoch: 40, iters: 11264, time: 0.000, data: 0.001) , D_A: 0.000, G_A: 1.000, cycle_A: 0.112, D_B: 0.001, G_B: 0.999, cycle_B: 0.012

saving the latest model (epoch 40, total_iters 800000)
learning rate 0.0000182 -> 0.0000000
temperature tau = 0.1000
saving the model at the end of epoch 40, iters 808960
End of epoch 40 / 40 	 Time Taken: 5 sec
----------------- Options ---------------
             aspect_ratio: 1.0                           
               batch_size: 64                            
          checkpoints_dir: ./checkpoints                 
                crop_size: 256                           
                 dataroot: .                             	[default: None]
             dataset_mode: cipher                        
                direction: AtoB                          
               display_id: 0                             
          display_winsize: 256                           
                embed_dim: 32                            	[default: 64]
                    epoch: latest                        
                     eval: False                         
                 gan_mode: lsgan                         
                   gumbel: False                         
                init_gain: 0.02                          
                init_type: normal                        
                 input_nc: 3                             
                  isTrain: False                         	[default: None]
                 lambda_A: 10.0                          
                 lambda_B: 10.0                          
          lambda_identity: 0.0                           
                load_iter: 0                             	[default: 0]
                load_size: 256                           
                       lr: 0.0002                        
         max_dataset_size: inf                           
                    model: cipher_cycle_gan              	[default: test]
               n_blocks_G: 3                             	[default: 4]
               n_layers_D: 3                             
                     name: sweep_gumbel                  	[default: experiment_name]
                      ndf: 96                            	[default: 128]
                     netD: seq                           
                     netG: seq                           
                      ngf: 96                            	[default: 128]
               no_dropout: True                          
                  no_flip: True                          
                     norm: instance                      
                 npz_path: data/substitution_128/dataset.npz	[default: None]
                 num_test: 50                            
              num_threads: 4                             
                output_nc: 3                             
                pair_seed: 0                             
                    phase: test                          
               preprocess: none                          
              results_dir: ./results/                    
           serial_batches: False                         
                   suffix:                               
                  tau_end: 0.1                           
                tau_start: 1.0                           
                use_wandb: False                         
                  verbose: False                         
               vocab_size: -1                            
       wandb_project_name: CycleGAN-and-pix2pix          
----------------- End -------------------
[cipher] eval: A(cipher)=(4493, 128) B(plain)=(4493, 128) vocab=28 cipher=substitution paired=True
dataset [CipherDataset] was created
Initialized with device cuda:0
initialize network with normal
Initialized with device cuda:0
initialize network with normal
model [CipherCycleGANModel] was created
Initialized with device cuda:0
initialize network with normal
loading the model from checkpoints/sweep_gumbel/latest_net_G_A.pth
Initialized with device cuda:0
initialize network with normal
loading the model from checkpoints/sweep_gumbel/latest_net_G_B.pth
---------- Networks initialized -------------
[Network G_A] Total number of parameters : 0.186 M
[Network G_B] Total number of parameters : 0.186 M
-----------------------------------------------

==============================================================
cipher              substitution (key=perm-seed0)
samples             4493 x 128
character accuracy  0.0152   (chance ~0.0370)
character error     0.9848
key recovery        0.0000   (coverage 1.000)
==============================================================
cipher in :  npqapfg qnpn hqhftak punpvqteqvqfypfuphf ipn mvtk i afpwqfgqapi taqaz
decrypted : doiwatheidodenintzcseozdasizyisitfot antebodegszsebectamithicabezciwpa
truth     : er in their resistance or liability to stem replacement within meaning

wrote ./checkpoints/sweep_gumbel/eval_metrics.json
